---
source: tests/e2e_tests.rs
expression: markdown
---
# Team Responsibilities

|                                           |                                           |
| ----------------------------------------- | ----------------------------------------- |
| **Frontend**: Owns the web experience.    | **Backend**: Maintains APIs and services. |
| **DevOps**: Ensures reliable deployments. | **QA**: Guards product quality.           |
